#-----------------------------------------------------------
# Vivado v2024.2 (64-bit)
# SW Build 5239630 on Fri Nov 08 22:34:34 MST 2024
# IP Build 5239520 on Sun Nov 10 16:12:51 MST 2024
# SharedData Build 5239561 on Fri Nov 08 14:39:27 MST 2024
# Start of session at: Tue Feb 18 03:51:47 2025
# Process ID         : 47536
# Current directory  : /home/admin/Desktop/SOCExtraFeatures/PYNQZ2/MotorFatigue/pack_stream_to_blk/hls/impl/ip
# Command line       : vivado -notrace -mode batch -source run_ippack.tcl
# Log file           : /home/admin/Desktop/SOCExtraFeatures/PYNQZ2/MotorFatigue/pack_stream_to_blk/hls/impl/ip/vivado.log
# Journal file       : /home/admin/Desktop/SOCExtraFeatures/PYNQZ2/MotorFatigue/pack_stream_to_blk/hls/impl/ip/vivado.jou
# Running On         : archlinux
# Platform           : Arch
# Operating System   : Arch Linux
# Processor Detail   : AMD Ryzen 5 5600U with Radeon Graphics
# CPU Frequency      : 3992.436 MHz
# CPU Physical cores : 6
# CPU Logical cores  : 12
# Host memory        : 16073 MB
# Swap memory        : 4294 MB
# Total Virtual      : 20368 MB
# Available Virtual  : 10854 MB
#-----------------------------------------------------------
source run_ippack.tcl -notrace
