#-----------------------------------------------------------
# Vivado v2024.2 (64-bit)
# SW Build 5239630 on Fri Nov 08 22:34:34 MST 2024
# IP Build 5239520 on Sun Nov 10 16:12:51 MST 2024
# SharedData Build 5239561 on Fri Nov 08 14:39:27 MST 2024
# Start of session at: Tue Feb 18 04:14:13 2025
# Process ID         : 57541
# Current directory  : /home/admin/Desktop/SOCExtraFeatures/PYNQZ2_VIVADO/MotorFault_PYNQZ2.runs/MotorFatigue_PYNQZ2_axi_dma_2_0_synth_1
# Command line       : vivado -log MotorFatigue_PYNQZ2_axi_dma_2_0.vds -product Vivado -mode batch -messageDb vivado.pb -notrace -source MotorFatigue_PYNQZ2_axi_dma_2_0.tcl
# Log file           : /home/admin/Desktop/SOCExtraFeatures/PYNQZ2_VIVADO/MotorFault_PYNQZ2.runs/MotorFatigue_PYNQZ2_axi_dma_2_0_synth_1/MotorFatigue_PYNQZ2_axi_dma_2_0.vds
# Journal file       : /home/admin/Desktop/SOCExtraFeatures/PYNQZ2_VIVADO/MotorFault_PYNQZ2.runs/MotorFatigue_PYNQZ2_axi_dma_2_0_synth_1/vivado.jou
# Running On         : archlinux
# Platform           : Arch
# Operating System   : Arch Linux
# Processor Detail   : AMD Ryzen 5 5600U with Radeon Graphics
# CPU Frequency      : 2744.931 MHz
# CPU Physical cores : 6
# CPU Logical cores  : 12
# Host memory        : 16073 MB
# Swap memory        : 4294 MB
# Total Virtual      : 20368 MB
# Available Virtual  : 7684 MB
#-----------------------------------------------------------
source MotorFatigue_PYNQZ2_axi_dma_2_0.tcl -notrace
